// Jest Snapshot v1, https://goo.gl/fbAQLP

exports[`Pruebas en <FirstApp /> debe hacer match con el snapshot 1`] = `
<div>
  <div
    data-testid="test-title"
  >
    Hola, soy Vegeta
  </div>
  <p />
  <p />
  <p />
</div>
`;
